2026-09-06 20:48:28 | INFO    | evaluate               | === MHTRA-Net evaluation ===
2026-09-06 20:48:28 | INFO    | evaluate               | arguments:
2026-09-06 20:48:28 | INFO    | evaluate               |     ckpt             = runs\base_s0\best.pt
2026-09-06 20:48:28 | INFO    | evaluate               |     compare          = ['runs\\official\\test_metrics.csv']
2026-09-06 20:48:28 | INFO    | evaluate               |     csv              = None
2026-09-06 20:48:28 | INFO    | evaluate               |     data             = D:\mhtra_net\data\voicebank-demand-16k
2026-09-06 20:48:28 | INFO    | evaluate               |     log_every        = 200
2026-09-06 20:48:28 | INFO    | evaluate               |     log_file         = None
2026-09-06 20:48:28 | INFO    | evaluate               |     log_level        = INFO
2026-09-06 20:48:28 | INFO    | evaluate               |     macs_seconds     = 10.0
2026-09-06 20:48:28 | INFO    | evaluate               |     official         = False
2026-09-06 20:48:28 | INFO    | evaluate               |     pesq_workers     = 8
2026-09-06 20:48:28 | INFO    | evaluate               |     save_wavs        = None
2026-09-06 20:48:28 | INFO    | evaluate               |     weights          = model
2026-09-06 20:48:28 | INFO    | evaluate               | python      3.12.10
2026-09-06 20:48:28 | INFO    | evaluate               | executable  D:\mhtra_net\mhtra_net\.venv\Scripts\python.exe
2026-09-06 20:48:28 | INFO    | evaluate               | cwd         D:\mhtra_net\mhtra_fixed
2026-09-06 20:48:28 | INFO    | evaluate               | numpy       2.5.2
2026-09-06 20:48:28 | INFO    | evaluate               | torch       2.11.0+cu128 (cuda build: 12.8)
2026-09-06 20:48:28 | INFO    | evaluate               | gpu         NVIDIA GeForce RTX 5060 Laptop GPU | 8.5 GB | 26 SMs
2026-09-06 20:48:28 | INFO    | evaluate               | device      cuda
2026-09-06 20:48:28 | INFO    | evaluate               | loading checkpoint runs\base_s0\best.pt ...
2026-09-06 20:48:28 | INFO    | evaluate               | checkpoint from epoch 150 | stored weights: raw | val PESQ 2.357 | val SI-SDR 13.79 dB
2026-09-06 20:48:28 | INFO    | mhtra_net.model        | MHTRANet built: 23,669 params | 257 freq bins -> 129 ERB bands -> 33 DPGRNN width
2026-09-06 20:48:28 | INFO    | mhtra_net.model        |   MHTRA=False (heads=4, head_dim=0, window=full causal)  SE=False  learnable_ERB=False  channels=16
2026-09-06 20:48:28 | INFO    | evaluate               | loading checkpoint runs\base_s0\best.pt done in 0.2s
2026-09-06 20:48:28 | INFO    | mhtra_net.stft         | STFT: n_fft=512 hop=256 win=512 (257 freq bins, 16.0 ms hop) on cuda
2026-09-06 20:48:28 | INFO    | evaluate               | loading test set ...
2026-09-06 20:48:28 | INFO    | mhtra_net.dataset      | [test] scanning D:\mhtra_net\data\voicebank-demand-16k\clean_testset_wav
2026-09-06 20:48:28 | INFO    | mhtra_net.dataset      | [test] ready: 824 pairs | full-length utterances | random_gain=False | 16000 Hz
2026-09-06 20:48:28 | INFO    | evaluate               | loading test set done in 0.0s
2026-09-06 20:48:28 | INFO    | evaluate               | loaded runs\base_s0\best.pt: 23,669 params | cfg=MHTRANetConfig(n_fft=512, fs=16000, erb_subband_1=65, erb_subband_2=64, channels=16, num_heads=4, attn_window=None, use_mhtra=False, use_se=False, se_reduction=2, learnable_erb=False, zero_init_out=False)
2026-09-06 20:48:28 | WARNING | py.warnings            | D:\mhtra_net\mhtra_net\.venv\Lib\site-packages\thop\vision\calc_func.py:53: UserWarning: This API is being deprecated
  warnings.warn("This API is being deprecated")

2026-09-06 20:48:28 | INFO    | evaluate               | ~30.01 MMACs per second of audio at 10 s input (30.01 counted by thop + 0.00 attention matmuls) - report the input length with this number
2026-09-06 20:48:34 | INFO    | evaluate               | 200/824 files (24%) | 34.5 files/s | running SI-SDR 18.60 dB | ETA 18.1s
2026-09-06 20:48:39 | INFO    | evaluate               | 400/824 files (49%) | 36.0 files/s | running SI-SDR 19.08 dB | ETA 11.8s
2026-09-06 20:48:45 | INFO    | evaluate               | 600/824 files (73%) | 36.4 files/s | running SI-SDR 18.57 dB | ETA 6.2s
2026-09-06 20:48:50 | INFO    | evaluate               | 800/824 files (97%) | 37.2 files/s | running SI-SDR 18.45 dB | ETA 0.6s
2026-09-06 20:48:58 | INFO    | evaluate               | PESQ scored in 7.5s with 8 workers
2026-09-06 20:48:58 | INFO    | evaluate               | processed 824 files (34m 32s of audio) in 29.5s (70.1x real time, model+STOI 22.1s)
2026-09-06 20:48:58 | INFO    | evaluate               |                 PESQ    STOI   SI-SDR
2026-09-06 20:48:58 | INFO    | evaluate               | noisy         1.968   0.921     8.45
2026-09-06 20:48:58 | INFO    | evaluate               | enhanced      2.787   0.937    18.43
2026-09-06 20:48:58 | INFO    | evaluate               | delta        +0.819  +0.016    +9.98
2026-09-06 20:48:58 | INFO    | evaluate               | enhanced PESQ 95% bootstrap CI: [2.739, 2.834]
2026-09-06 20:48:58 | INFO    | evaluate               | by input SNR:   n    PESQ noisy->enh    STOI noisy->enh    SI-SDR noisy->enh
2026-09-06 20:48:58 | INFO    | evaluate               |    2.5 dB    218    1.454 -> 2.271      0.869 -> 0.901       1.15 -> 14.94
2026-09-06 20:48:58 | INFO    | evaluate               |    7.5 dB    209    1.738 -> 2.649      0.917 -> 0.936       6.36 -> 17.74
2026-09-06 20:48:58 | INFO    | evaluate               |   12.5 dB    206    2.150 -> 2.955      0.943 -> 0.952      11.23 -> 19.90
2026-09-06 20:48:58 | INFO    | evaluate               |   17.5 dB    191    2.609 -> 3.344      0.962 -> 0.965      16.07 -> 21.58
2026-09-06 20:48:58 | INFO    | evaluate               | diagnostics: residual in pauses +1.99 dB above clean (noisy input: +24.09 dB) | speech-frame LSD 10.48 dB
2026-09-06 20:48:58 | INFO    | evaluate               | === paired comparison vs official (824 files) ===
2026-09-06 20:48:58 | INFO    | evaluate               |   (wins = files where THIS run is better; lower is better for pause_resid_db / speech_lsd_db)
2026-09-06 20:48:58 | INFO    | evaluate               |   pesq_enh       this 2.787  ref 2.856  diff -0.069  CI95 [-0.088, -0.051]  wins 340/824  -> worse
2026-09-06 20:48:58 | INFO    | evaluate               |   stoi_enh       this 0.937  ref 0.941  diff -0.003  CI95 [-0.005, -0.002]  wins 346/824  -> worse
2026-09-06 20:48:58 | INFO    | evaluate               |   sisdr_enh      this 18.427  ref 18.796  diff -0.369  CI95 [-0.488, -0.268]  wins 207/824  -> worse
2026-09-06 20:48:58 | INFO    | evaluate               |   pause_resid_db this 1.992  ref 0.916  diff +1.076  CI95 [+0.776, +1.367]  wins 155/441  -> worse
2026-09-06 20:48:58 | INFO    | evaluate               |   speech_lsd_db  this 10.476  ref 10.364  diff +0.112  CI95 [+0.029, +0.201]  wins 425/824  -> worse
2026-09-06 20:48:58 | INFO    | evaluate               |   PESQ difference by input SNR:
2026-09-06 20:48:58 | INFO    | evaluate               |      2.5 dB  n=218  this 2.271  ref 2.309  diff -0.038
2026-09-06 20:48:58 | INFO    | evaluate               |      7.5 dB  n=209  this 2.649  ref 2.698  diff -0.049
2026-09-06 20:48:58 | INFO    | evaluate               |     12.5 dB  n=206  this 2.955  ref 3.048  diff -0.093
2026-09-06 20:48:58 | INFO    | evaluate               |     17.5 dB  n=191  this 3.344  ref 3.445  diff -0.100
2026-09-06 20:48:58 | INFO    | evaluate               | per-file metrics -> D:\mhtra_net\mhtra_fixed\runs\base_s0\test_metrics.csv | summary -> D:\mhtra_net\mhtra_fixed\runs\base_s0\test_summary.json
2026-09-06 20:48:58 | INFO    | evaluate               | === evaluation finished ===
