2026-09-07 15:36:16 | INFO    | evaluate               | === MHTRA-Net evaluation ===
2026-09-07 15:36:16 | INFO    | evaluate               | arguments:
2026-09-07 15:36:16 | INFO    | evaluate               |     ckpt             = D:\mhtra_net\mhtra_fixed\runs\h1_s2\best.pt
2026-09-07 15:36:16 | INFO    | evaluate               |     compare          = ['runs\\base_s2\\test_metrics.csv', 'runs\\official\\test_metrics.csv']
2026-09-07 15:36:16 | INFO    | evaluate               |     csv              = None
2026-09-07 15:36:16 | INFO    | evaluate               |     data             = D:\mhtra_net\data\voicebank-demand-16k
2026-09-07 15:36:16 | INFO    | evaluate               |     log_every        = 200
2026-09-07 15:36:16 | INFO    | evaluate               |     log_file         = None
2026-09-07 15:36:16 | INFO    | evaluate               |     log_level        = INFO
2026-09-07 15:36:16 | INFO    | evaluate               |     macs_seconds     = 10.0
2026-09-07 15:36:16 | INFO    | evaluate               |     official         = False
2026-09-07 15:36:16 | INFO    | evaluate               |     pesq_workers     = 8
2026-09-07 15:36:16 | INFO    | evaluate               |     save_wavs        = None
2026-09-07 15:36:16 | INFO    | evaluate               |     weights          = model
2026-09-07 15:36:16 | INFO    | evaluate               | python      3.12.10
2026-09-07 15:36:16 | INFO    | evaluate               | executable  D:\mhtra_net\mhtra_net\.venv\Scripts\python.exe
2026-09-07 15:36:16 | INFO    | evaluate               | cwd         D:\mhtra_net\mhtra_fixed
2026-09-07 15:36:16 | INFO    | evaluate               | numpy       2.5.2
2026-09-07 15:36:16 | INFO    | evaluate               | torch       2.11.0+cu128 (cuda build: 12.8)
2026-09-07 15:36:16 | INFO    | evaluate               | gpu         NVIDIA GeForce RTX 5060 Laptop GPU | 8.5 GB | 26 SMs
2026-09-07 15:36:16 | INFO    | evaluate               | device      cuda
2026-09-07 15:36:16 | INFO    | evaluate               | loading checkpoint D:\mhtra_net\mhtra_fixed\runs\h1_s2\best.pt ...
2026-09-07 15:36:16 | INFO    | evaluate               | checkpoint from epoch 99 | stored weights: ema | val PESQ 2.330 | val SI-SDR 13.57 dB
2026-09-07 15:36:16 | INFO    | mhtra_net.model        | MHTRANet built: 25,859 params | 257 freq bins -> 129 ERB bands -> 33 DPGRNN width
2026-09-07 15:36:16 | INFO    | mhtra_net.model        |   MHTRA=True (heads=1, head_dim=8, window=full causal)  SE=True  learnable_ERB=False  channels=16
2026-09-07 15:36:16 | INFO    | evaluate               | loading checkpoint D:\mhtra_net\mhtra_fixed\runs\h1_s2\best.pt done in 0.2s
2026-09-07 15:36:16 | INFO    | mhtra_net.stft         | STFT: n_fft=512 hop=256 win=512 (257 freq bins, 16.0 ms hop) on cuda
2026-09-07 15:36:16 | INFO    | evaluate               | loading test set ...
2026-09-07 15:36:16 | INFO    | mhtra_net.dataset      | [test] scanning D:\mhtra_net\data\voicebank-demand-16k\clean_testset_wav
2026-09-07 15:36:16 | INFO    | mhtra_net.dataset      | [test] ready: 824 pairs | full-length utterances | random_gain=False | 16000 Hz
2026-09-07 15:36:16 | INFO    | evaluate               | loading test set done in 0.0s
2026-09-07 15:36:16 | INFO    | evaluate               | loaded D:\mhtra_net\mhtra_fixed\runs\h1_s2\best.pt: 25,859 params | cfg=MHTRANetConfig(n_fft=512, fs=16000, erb_subband_1=65, erb_subband_2=64, channels=16, num_heads=1, attn_window=None, use_mhtra=True, use_se=True, se_reduction=2, learnable_erb=False, zero_init_out=False)
2026-09-07 15:36:16 | WARNING | py.warnings            | D:\mhtra_net\mhtra_net\.venv\Lib\site-packages\thop\vision\calc_func.py:53: UserWarning: This API is being deprecated
  warnings.warn("This API is being deprecated")

2026-09-07 15:36:16 | INFO    | evaluate               | ~33.90 MMACs per second of audio at 10 s input (30.13 counted by thop + 3.76 attention matmuls) - report the input length with this number
2026-09-07 15:36:22 | INFO    | evaluate               | 200/824 files (24%) | 34.1 files/s | running SI-SDR 18.49 dB | ETA 18.3s
2026-09-07 15:36:27 | INFO    | evaluate               | 400/824 files (49%) | 35.8 files/s | running SI-SDR 19.01 dB | ETA 11.9s
2026-09-07 15:36:33 | INFO    | evaluate               | 600/824 files (73%) | 36.2 files/s | running SI-SDR 18.44 dB | ETA 6.2s
2026-09-07 15:36:38 | INFO    | evaluate               | 800/824 files (97%) | 36.4 files/s | running SI-SDR 18.35 dB | ETA 0.7s
2026-09-07 15:36:45 | INFO    | evaluate               | PESQ scored in 6.4s with 8 workers
2026-09-07 15:36:45 | INFO    | evaluate               | processed 824 files (34m 32s of audio) in 29.1s (71.3x real time, model+STOI 22.6s)
2026-09-07 15:36:45 | INFO    | evaluate               |                 PESQ    STOI   SI-SDR
2026-09-07 15:36:45 | INFO    | evaluate               | noisy         1.968   0.921     8.45
2026-09-07 15:36:45 | INFO    | evaluate               | enhanced      2.816   0.937    18.34
2026-09-07 15:36:45 | INFO    | evaluate               | delta        +0.848  +0.016    +9.89
2026-09-07 15:36:45 | INFO    | evaluate               | enhanced PESQ 95% bootstrap CI: [2.768, 2.864]
2026-09-07 15:36:45 | INFO    | evaluate               | by input SNR:   n    PESQ noisy->enh    STOI noisy->enh    SI-SDR noisy->enh
2026-09-07 15:36:45 | INFO    | evaluate               |    2.5 dB    218    1.454 -> 2.277      0.869 -> 0.900       1.15 -> 14.83
2026-09-07 15:36:45 | INFO    | evaluate               |    7.5 dB    209    1.738 -> 2.677      0.917 -> 0.935       6.36 -> 17.74
2026-09-07 15:36:45 | INFO    | evaluate               |   12.5 dB    206    2.150 -> 2.998      0.943 -> 0.952      11.23 -> 19.86
2026-09-07 15:36:45 | INFO    | evaluate               |   17.5 dB    191    2.609 -> 3.385      0.962 -> 0.965      16.07 -> 21.36
2026-09-07 15:36:45 | INFO    | evaluate               | diagnostics: residual in pauses +0.80 dB above clean (noisy input: +24.09 dB) | speech-frame LSD 10.81 dB
2026-09-07 15:36:45 | INFO    | evaluate               | === paired comparison vs base_s2 (824 files) ===
2026-09-07 15:36:45 | INFO    | evaluate               |   (wins = files where THIS run is better; lower is better for pause_resid_db / speech_lsd_db)
2026-09-07 15:36:45 | INFO    | evaluate               |   pesq_enh       this 2.816  ref 2.811  diff +0.005  CI95 [-0.008, +0.017]  wins 416/824  -> not significant
2026-09-07 15:36:45 | INFO    | evaluate               |   stoi_enh       this 0.937  ref 0.936  diff +0.000  CI95 [-0.001, +0.001]  wins 457/824  -> not significant
2026-09-07 15:36:45 | INFO    | evaluate               |   sisdr_enh      this 18.337  ref 18.400  diff -0.063  CI95 [-0.149, +0.012]  wins 355/824  -> not significant
2026-09-07 15:36:45 | INFO    | evaluate               |   pause_resid_db this 0.802  ref 1.682  diff -0.880  CI95 [-1.191, -0.581]  wins 287/441  -> better
2026-09-07 15:36:45 | INFO    | evaluate               |   speech_lsd_db  this 10.805  ref 10.799  diff +0.006  CI95 [-0.053, +0.064]  wins 419/824  -> not significant
2026-09-07 15:36:45 | INFO    | evaluate               |   PESQ difference by input SNR:
2026-09-07 15:36:45 | INFO    | evaluate               |      2.5 dB  n=218  this 2.277  ref 2.285  diff -0.008
2026-09-07 15:36:45 | INFO    | evaluate               |      7.5 dB  n=209  this 2.677  ref 2.671  diff +0.006
2026-09-07 15:36:45 | INFO    | evaluate               |     12.5 dB  n=206  this 2.998  ref 2.979  diff +0.019
2026-09-07 15:36:45 | INFO    | evaluate               |     17.5 dB  n=191  this 3.385  ref 3.383  diff +0.001
2026-09-07 15:36:45 | INFO    | evaluate               | === paired comparison vs official (824 files) ===
2026-09-07 15:36:45 | INFO    | evaluate               |   (wins = files where THIS run is better; lower is better for pause_resid_db / speech_lsd_db)
2026-09-07 15:36:45 | INFO    | evaluate               |   pesq_enh       this 2.816  ref 2.856  diff -0.040  CI95 [-0.060, -0.022]  wins 379/824  -> worse
2026-09-07 15:36:45 | INFO    | evaluate               |   stoi_enh       this 0.937  ref 0.941  diff -0.004  CI95 [-0.005, -0.002]  wins 346/824  -> worse
2026-09-07 15:36:45 | INFO    | evaluate               |   sisdr_enh      this 18.337  ref 18.796  diff -0.459  CI95 [-0.615, -0.317]  wins 241/824  -> worse
2026-09-07 15:36:45 | INFO    | evaluate               |   pause_resid_db this 0.802  ref 0.916  diff -0.114  CI95 [-0.386, +0.169]  wins 223/441  -> not significant
2026-09-07 15:36:45 | INFO    | evaluate               |   speech_lsd_db  this 10.805  ref 10.364  diff +0.441  CI95 [+0.356, +0.530]  wins 293/824  -> worse
2026-09-07 15:36:45 | INFO    | evaluate               |   PESQ difference by input SNR:
2026-09-07 15:36:45 | INFO    | evaluate               |      2.5 dB  n=218  this 2.277  ref 2.309  diff -0.032
2026-09-07 15:36:45 | INFO    | evaluate               |      7.5 dB  n=209  this 2.677  ref 2.698  diff -0.021
2026-09-07 15:36:45 | INFO    | evaluate               |     12.5 dB  n=206  this 2.998  ref 3.048  diff -0.050
2026-09-07 15:36:45 | INFO    | evaluate               |     17.5 dB  n=191  this 3.385  ref 3.445  diff -0.060
2026-09-07 15:36:45 | INFO    | evaluate               | per-file metrics -> D:\mhtra_net\mhtra_fixed\runs\h1_s2\test_metrics.csv | summary -> D:\mhtra_net\mhtra_fixed\runs\h1_s2\test_summary.json
2026-09-07 15:36:45 | INFO    | evaluate               | === evaluation finished ===
2026-09-07 17:17:30 | INFO    | evaluate               | === MHTRA-Net evaluation ===
2026-09-07 17:17:30 | INFO    | evaluate               | arguments:
2026-09-07 17:17:30 | INFO    | evaluate               |     ckpt             = runs\h1_s2\best.pt
2026-09-07 17:17:30 | INFO    | evaluate               |     compare          = ['runs\\base_s2\\test_metrics.csv', 'runs\\official\\test_metrics.csv']
2026-09-07 17:17:30 | INFO    | evaluate               |     csv              = None
2026-09-07 17:17:30 | INFO    | evaluate               |     data             = D:\mhtra_net\data\voicebank-demand-16k
2026-09-07 17:17:30 | INFO    | evaluate               |     log_every        = 200
2026-09-07 17:17:30 | INFO    | evaluate               |     log_file         = None
2026-09-07 17:17:30 | INFO    | evaluate               |     log_level        = INFO
2026-09-07 17:17:30 | INFO    | evaluate               |     macs_seconds     = 10.0
2026-09-07 17:17:30 | INFO    | evaluate               |     official         = False
2026-09-07 17:17:30 | INFO    | evaluate               |     pesq_workers     = 8
2026-09-07 17:17:30 | INFO    | evaluate               |     save_wavs        = None
2026-09-07 17:17:30 | INFO    | evaluate               |     weights          = model
2026-09-07 17:17:30 | INFO    | evaluate               | python      3.12.10
2026-09-07 17:17:30 | INFO    | evaluate               | executable  D:\mhtra_net\mhtra_net\.venv\Scripts\python.exe
2026-09-07 17:17:30 | INFO    | evaluate               | cwd         D:\mhtra_net\mhtra_fixed
2026-09-07 17:17:30 | INFO    | evaluate               | numpy       2.5.2
2026-09-07 17:17:30 | INFO    | evaluate               | torch       2.11.0+cu128 (cuda build: 12.8)
2026-09-07 17:17:30 | INFO    | evaluate               | gpu         NVIDIA GeForce RTX 5060 Laptop GPU | 8.5 GB | 26 SMs
2026-09-07 17:17:30 | INFO    | evaluate               | device      cuda
2026-09-07 17:17:30 | INFO    | evaluate               | loading checkpoint runs\h1_s2\best.pt ...
2026-09-07 17:17:30 | INFO    | evaluate               | checkpoint from epoch 142 | stored weights: raw | val PESQ 2.353 | val SI-SDR 13.78 dB
2026-09-07 17:17:30 | INFO    | mhtra_net.model        | MHTRANet built: 25,859 params | 257 freq bins -> 129 ERB bands -> 33 DPGRNN width
2026-09-07 17:17:30 | INFO    | mhtra_net.model        |   MHTRA=True (heads=1, head_dim=8, window=full causal)  SE=True  learnable_ERB=False  channels=16
2026-09-07 17:17:30 | INFO    | evaluate               | loading checkpoint runs\h1_s2\best.pt done in 0.2s
2026-09-07 17:17:30 | INFO    | mhtra_net.stft         | STFT: n_fft=512 hop=256 win=512 (257 freq bins, 16.0 ms hop) on cuda
2026-09-07 17:17:30 | INFO    | evaluate               | loading test set ...
2026-09-07 17:17:30 | INFO    | mhtra_net.dataset      | [test] scanning D:\mhtra_net\data\voicebank-demand-16k\clean_testset_wav
2026-09-07 17:17:30 | INFO    | mhtra_net.dataset      | [test] ready: 824 pairs | full-length utterances | random_gain=False | 16000 Hz
2026-09-07 17:17:30 | INFO    | evaluate               | loading test set done in 0.0s
2026-09-07 17:17:30 | INFO    | evaluate               | loaded runs\h1_s2\best.pt: 25,859 params | cfg=MHTRANetConfig(n_fft=512, fs=16000, erb_subband_1=65, erb_subband_2=64, channels=16, num_heads=1, attn_window=None, use_mhtra=True, use_se=True, se_reduction=2, learnable_erb=False, zero_init_out=False)
2026-09-07 17:17:30 | WARNING | py.warnings            | D:\mhtra_net\mhtra_net\.venv\Lib\site-packages\thop\vision\calc_func.py:53: UserWarning: This API is being deprecated
  warnings.warn("This API is being deprecated")

2026-09-07 17:17:30 | INFO    | evaluate               | ~33.90 MMACs per second of audio at 10 s input (30.13 counted by thop + 3.76 attention matmuls) - report the input length with this number
2026-09-07 17:17:36 | INFO    | evaluate               | 200/824 files (24%) | 34.4 files/s | running SI-SDR 18.58 dB | ETA 18.1s
2026-09-07 17:17:42 | INFO    | evaluate               | 400/824 files (49%) | 36.2 files/s | running SI-SDR 19.11 dB | ETA 11.7s
2026-09-07 17:17:47 | INFO    | evaluate               | 600/824 files (73%) | 36.6 files/s | running SI-SDR 18.54 dB | ETA 6.1s
2026-09-07 17:17:52 | INFO    | evaluate               | 800/824 files (97%) | 37.2 files/s | running SI-SDR 18.43 dB | ETA 0.6s
2026-09-07 17:17:59 | INFO    | evaluate               | PESQ scored in 6.1s with 8 workers
2026-09-07 17:17:59 | INFO    | evaluate               | processed 824 files (34m 32s of audio) in 28.1s (73.6x real time, model+STOI 22.1s)
2026-09-07 17:17:59 | INFO    | evaluate               |                 PESQ    STOI   SI-SDR
2026-09-07 17:17:59 | INFO    | evaluate               | noisy         1.968   0.921     8.45
2026-09-07 17:17:59 | INFO    | evaluate               | enhanced      2.816   0.936    18.42
2026-09-07 17:17:59 | INFO    | evaluate               | delta        +0.848  +0.015    +9.97
2026-09-07 17:17:59 | INFO    | evaluate               | enhanced PESQ 95% bootstrap CI: [2.768, 2.865]
2026-09-07 17:17:59 | INFO    | evaluate               | by input SNR:   n    PESQ noisy->enh    STOI noisy->enh    SI-SDR noisy->enh
2026-09-07 17:17:59 | INFO    | evaluate               |    2.5 dB    218    1.454 -> 2.272      0.869 -> 0.900       1.15 -> 14.90
2026-09-07 17:17:59 | INFO    | evaluate               |    7.5 dB    209    1.738 -> 2.674      0.917 -> 0.935       6.36 -> 17.78
2026-09-07 17:17:59 | INFO    | evaluate               |   12.5 dB    206    2.150 -> 3.003      0.943 -> 0.951      11.23 -> 19.94
2026-09-07 17:17:59 | INFO    | evaluate               |   17.5 dB    191    2.609 -> 3.391      0.962 -> 0.964      16.07 -> 21.48
2026-09-07 17:17:59 | INFO    | evaluate               | diagnostics: residual in pauses +0.77 dB above clean (noisy input: +24.09 dB) | speech-frame LSD 11.31 dB
2026-09-07 17:17:59 | INFO    | evaluate               | === paired comparison vs base_s2 (824 files) ===
2026-09-07 17:17:59 | INFO    | evaluate               |   (wins = files where THIS run is better; lower is better for pause_resid_db / speech_lsd_db)
2026-09-07 17:17:59 | INFO    | evaluate               |   pesq_enh       this 2.816  ref 2.811  diff +0.005  CI95 [-0.009, +0.019]  wins 415/824  -> not significant
2026-09-07 17:17:59 | INFO    | evaluate               |   stoi_enh       this 0.936  ref 0.936  diff -0.000  CI95 [-0.001, +0.001]  wins 439/824  -> not significant
2026-09-07 17:17:59 | INFO    | evaluate               |   sisdr_enh      this 18.417  ref 18.400  diff +0.017  CI95 [-0.059, +0.090]  wins 402/824  -> not significant
2026-09-07 17:17:59 | INFO    | evaluate               |   pause_resid_db this 0.769  ref 1.682  diff -0.913  CI95 [-1.236, -0.620]  wins 287/441  -> better
2026-09-07 17:17:59 | INFO    | evaluate               |   speech_lsd_db  this 11.306  ref 10.799  diff +0.506  CI95 [+0.434, +0.578]  wins 234/824  -> worse
2026-09-07 17:17:59 | INFO    | evaluate               |   PESQ difference by input SNR:
2026-09-07 17:17:59 | INFO    | evaluate               |      2.5 dB  n=218  this 2.272  ref 2.285  diff -0.013
2026-09-07 17:17:59 | INFO    | evaluate               |      7.5 dB  n=209  this 2.674  ref 2.671  diff +0.003
2026-09-07 17:17:59 | INFO    | evaluate               |     12.5 dB  n=206  this 3.003  ref 2.979  diff +0.024
2026-09-07 17:17:59 | INFO    | evaluate               |     17.5 dB  n=191  this 3.391  ref 3.383  diff +0.008
2026-09-07 17:17:59 | INFO    | evaluate               | === paired comparison vs official (824 files) ===
2026-09-07 17:17:59 | INFO    | evaluate               |   (wins = files where THIS run is better; lower is better for pause_resid_db / speech_lsd_db)
2026-09-07 17:17:59 | INFO    | evaluate               |   pesq_enh       this 2.816  ref 2.856  diff -0.040  CI95 [-0.058, -0.021]  wins 395/824  -> worse
2026-09-07 17:17:59 | INFO    | evaluate               |   stoi_enh       this 0.936  ref 0.941  diff -0.004  CI95 [-0.006, -0.003]  wins 302/824  -> worse
2026-09-07 17:17:59 | INFO    | evaluate               |   sisdr_enh      this 18.417  ref 18.796  diff -0.380  CI95 [-0.528, -0.247]  wins 258/824  -> worse
2026-09-07 17:17:59 | INFO    | evaluate               |   pause_resid_db this 0.769  ref 0.916  diff -0.147  CI95 [-0.415, +0.129]  wins 220/441  -> not significant
2026-09-07 17:17:59 | INFO    | evaluate               |   speech_lsd_db  this 11.306  ref 10.364  diff +0.941  CI95 [+0.837, +1.040]  wins 183/824  -> worse
2026-09-07 17:17:59 | INFO    | evaluate               |   PESQ difference by input SNR:
2026-09-07 17:17:59 | INFO    | evaluate               |      2.5 dB  n=218  this 2.272  ref 2.309  diff -0.038
2026-09-07 17:17:59 | INFO    | evaluate               |      7.5 dB  n=209  this 2.674  ref 2.698  diff -0.024
2026-09-07 17:17:59 | INFO    | evaluate               |     12.5 dB  n=206  this 3.003  ref 3.048  diff -0.044
2026-09-07 17:17:59 | INFO    | evaluate               |     17.5 dB  n=191  this 3.391  ref 3.445  diff -0.053
2026-09-07 17:17:59 | INFO    | evaluate               | per-file metrics -> D:\mhtra_net\mhtra_fixed\runs\h1_s2\test_metrics.csv | summary -> D:\mhtra_net\mhtra_fixed\runs\h1_s2\test_summary.json
2026-09-07 17:17:59 | INFO    | evaluate               | === evaluation finished ===
