2026-09-07 05:13:14 | INFO    | evaluate               | === MHTRA-Net evaluation ===
2026-09-07 05:13:14 | INFO    | evaluate               | arguments:
2026-09-07 05:13:14 | INFO    | evaluate               |     ckpt             = runs\h1_s0\best.pt
2026-09-07 05:13:14 | INFO    | evaluate               |     compare          = ['runs\\base_s0\\test_metrics.csv', 'runs\\official\\test_metrics.csv']
2026-09-07 05:13:14 | INFO    | evaluate               |     csv              = None
2026-09-07 05:13:14 | INFO    | evaluate               |     data             = D:\mhtra_net\data\voicebank-demand-16k
2026-09-07 05:13:14 | INFO    | evaluate               |     log_every        = 200
2026-09-07 05:13:14 | INFO    | evaluate               |     log_file         = None
2026-09-07 05:13:14 | INFO    | evaluate               |     log_level        = INFO
2026-09-07 05:13:14 | INFO    | evaluate               |     macs_seconds     = 10.0
2026-09-07 05:13:14 | INFO    | evaluate               |     official         = False
2026-09-07 05:13:14 | INFO    | evaluate               |     pesq_workers     = 8
2026-09-07 05:13:14 | INFO    | evaluate               |     save_wavs        = None
2026-09-07 05:13:14 | INFO    | evaluate               |     weights          = model
2026-09-07 05:13:14 | INFO    | evaluate               | python      3.12.10
2026-09-07 05:13:14 | INFO    | evaluate               | executable  D:\mhtra_net\mhtra_net\.venv\Scripts\python.exe
2026-09-07 05:13:14 | INFO    | evaluate               | cwd         D:\mhtra_net\mhtra_fixed
2026-09-07 05:13:14 | INFO    | evaluate               | numpy       2.5.2
2026-09-07 05:13:14 | INFO    | evaluate               | torch       2.11.0+cu128 (cuda build: 12.8)
2026-09-07 05:13:14 | INFO    | evaluate               | gpu         NVIDIA GeForce RTX 5060 Laptop GPU | 8.5 GB | 26 SMs
2026-09-07 05:13:14 | INFO    | evaluate               | device      cuda
2026-09-07 05:13:14 | INFO    | evaluate               | loading checkpoint runs\h1_s0\best.pt ...
2026-09-07 05:13:15 | INFO    | evaluate               | checkpoint from epoch 158 | stored weights: raw | val PESQ 2.358 | val SI-SDR 13.90 dB
2026-09-07 05:13:15 | INFO    | mhtra_net.model        | MHTRANet built: 25,859 params | 257 freq bins -> 129 ERB bands -> 33 DPGRNN width
2026-09-07 05:13:15 | INFO    | mhtra_net.model        |   MHTRA=True (heads=1, head_dim=8, window=full causal)  SE=True  learnable_ERB=False  channels=16
2026-09-07 05:13:15 | INFO    | evaluate               | loading checkpoint runs\h1_s0\best.pt done in 0.2s
2026-09-07 05:13:15 | INFO    | mhtra_net.stft         | STFT: n_fft=512 hop=256 win=512 (257 freq bins, 16.0 ms hop) on cuda
2026-09-07 05:13:15 | INFO    | evaluate               | loading test set ...
2026-09-07 05:13:15 | INFO    | mhtra_net.dataset      | [test] scanning D:\mhtra_net\data\voicebank-demand-16k\clean_testset_wav
2026-09-07 05:13:15 | INFO    | mhtra_net.dataset      | [test] ready: 824 pairs | full-length utterances | random_gain=False | 16000 Hz
2026-09-07 05:13:15 | INFO    | evaluate               | loading test set done in 0.0s
2026-09-07 05:13:15 | INFO    | evaluate               | loaded runs\h1_s0\best.pt: 25,859 params | cfg=MHTRANetConfig(n_fft=512, fs=16000, erb_subband_1=65, erb_subband_2=64, channels=16, num_heads=1, attn_window=None, use_mhtra=True, use_se=True, se_reduction=2, learnable_erb=False, zero_init_out=False)
2026-09-07 05:13:15 | WARNING | py.warnings            | D:\mhtra_net\mhtra_net\.venv\Lib\site-packages\thop\vision\calc_func.py:53: UserWarning: This API is being deprecated
  warnings.warn("This API is being deprecated")

2026-09-07 05:13:15 | INFO    | evaluate               | ~33.90 MMACs per second of audio at 10 s input (30.13 counted by thop + 3.76 attention matmuls) - report the input length with this number
2026-09-07 05:13:21 | INFO    | evaluate               | 200/824 files (24%) | 31.0 files/s | running SI-SDR 18.73 dB | ETA 20.1s
2026-09-07 05:13:27 | INFO    | evaluate               | 400/824 files (49%) | 33.0 files/s | running SI-SDR 19.18 dB | ETA 12.8s
2026-09-07 05:13:33 | INFO    | evaluate               | 600/824 files (73%) | 33.7 files/s | running SI-SDR 18.65 dB | ETA 6.6s
2026-09-07 05:13:38 | INFO    | evaluate               | 800/824 files (97%) | 34.3 files/s | running SI-SDR 18.53 dB | ETA 0.7s
2026-09-07 05:13:45 | INFO    | evaluate               | PESQ scored in 6.1s with 8 workers
2026-09-07 05:13:45 | INFO    | evaluate               | processed 824 files (34m 32s of audio) in 30.2s (68.6x real time, model+STOI 24.1s)
2026-09-07 05:13:45 | INFO    | evaluate               |                 PESQ    STOI   SI-SDR
2026-09-07 05:13:45 | INFO    | evaluate               | noisy         1.968   0.921     8.45
2026-09-07 05:13:45 | INFO    | evaluate               | enhanced      2.808   0.939    18.50
2026-09-07 05:13:45 | INFO    | evaluate               | delta        +0.840  +0.017   +10.06
2026-09-07 05:13:45 | INFO    | evaluate               | enhanced PESQ 95% bootstrap CI: [2.758, 2.857]
2026-09-07 05:13:45 | INFO    | evaluate               | by input SNR:   n    PESQ noisy->enh    STOI noisy->enh    SI-SDR noisy->enh
2026-09-07 05:13:45 | INFO    | evaluate               |    2.5 dB    218    1.454 -> 2.241      0.869 -> 0.900       1.15 -> 14.91
2026-09-07 05:13:45 | INFO    | evaluate               |    7.5 dB    209    1.738 -> 2.669      0.917 -> 0.937       6.36 -> 17.83
2026-09-07 05:13:45 | INFO    | evaluate               |   12.5 dB    206    2.150 -> 3.008      0.943 -> 0.954      11.23 -> 20.00
2026-09-07 05:13:45 | INFO    | evaluate               |   17.5 dB    191    2.609 -> 3.392      0.962 -> 0.967      16.07 -> 21.74
2026-09-07 05:13:45 | INFO    | evaluate               | diagnostics: residual in pauses +1.62 dB above clean (noisy input: +24.09 dB) | speech-frame LSD 11.35 dB
2026-09-07 05:13:45 | INFO    | evaluate               | === paired comparison vs base_s0 (824 files) ===
2026-09-07 05:13:45 | INFO    | evaluate               |   (wins = files where THIS run is better; lower is better for pause_resid_db / speech_lsd_db)
2026-09-07 05:13:45 | INFO    | evaluate               |   pesq_enh       this 2.808  ref 2.787  diff +0.021  CI95 [+0.009, +0.033]  wins 471/824  -> better
2026-09-07 05:13:45 | INFO    | evaluate               |   stoi_enh       this 0.939  ref 0.937  diff +0.001  CI95 [+0.000, +0.002]  wins 449/824  -> better
2026-09-07 05:13:45 | INFO    | evaluate               |   sisdr_enh      this 18.505  ref 18.427  diff +0.077  CI95 [+0.036, +0.118]  wins 480/824  -> better
2026-09-07 05:13:45 | INFO    | evaluate               |   pause_resid_db this 1.617  ref 1.992  diff -0.375  CI95 [-0.622, -0.125]  wins 240/441  -> better
2026-09-07 05:13:45 | INFO    | evaluate               |   speech_lsd_db  this 11.350  ref 10.476  diff +0.874  CI95 [+0.819, +0.933]  wins 82/824  -> worse
2026-09-07 05:13:45 | INFO    | evaluate               |   PESQ difference by input SNR:
2026-09-07 05:13:45 | INFO    | evaluate               |      2.5 dB  n=218  this 2.241  ref 2.271  diff -0.030
2026-09-07 05:13:45 | INFO    | evaluate               |      7.5 dB  n=209  this 2.669  ref 2.649  diff +0.020
2026-09-07 05:13:45 | INFO    | evaluate               |     12.5 dB  n=206  this 3.008  ref 2.955  diff +0.053
2026-09-07 05:13:45 | INFO    | evaluate               |     17.5 dB  n=191  this 3.392  ref 3.344  diff +0.047
2026-09-07 05:13:45 | INFO    | evaluate               | === paired comparison vs official (824 files) ===
2026-09-07 05:13:45 | INFO    | evaluate               |   (wins = files where THIS run is better; lower is better for pause_resid_db / speech_lsd_db)
2026-09-07 05:13:45 | INFO    | evaluate               |   pesq_enh       this 2.808  ref 2.856  diff -0.048  CI95 [-0.065, -0.031]  wins 365/824  -> worse
2026-09-07 05:13:45 | INFO    | evaluate               |   stoi_enh       this 0.939  ref 0.941  diff -0.002  CI95 [-0.003, -0.001]  wins 374/824  -> worse
2026-09-07 05:13:45 | INFO    | evaluate               |   sisdr_enh      this 18.505  ref 18.796  diff -0.292  CI95 [-0.399, -0.204]  wins 251/824  -> worse
2026-09-07 05:13:45 | INFO    | evaluate               |   pause_resid_db this 1.617  ref 0.916  diff +0.701  CI95 [+0.418, +0.974]  wins 174/441  -> worse
2026-09-07 05:13:45 | INFO    | evaluate               |   speech_lsd_db  this 11.350  ref 10.364  diff +0.986  CI95 [+0.896, +1.079]  wins 105/824  -> worse
2026-09-07 05:13:45 | INFO    | evaluate               |   PESQ difference by input SNR:
2026-09-07 05:13:45 | INFO    | evaluate               |      2.5 dB  n=218  this 2.241  ref 2.309  diff -0.068
2026-09-07 05:13:45 | INFO    | evaluate               |      7.5 dB  n=209  this 2.669  ref 2.698  diff -0.030
2026-09-07 05:13:45 | INFO    | evaluate               |     12.5 dB  n=206  this 3.008  ref 3.048  diff -0.040
2026-09-07 05:13:45 | INFO    | evaluate               |     17.5 dB  n=191  this 3.392  ref 3.445  diff -0.053
2026-09-07 05:13:45 | INFO    | evaluate               | per-file metrics -> D:\mhtra_net\mhtra_fixed\runs\h1_s0\test_metrics.csv | summary -> D:\mhtra_net\mhtra_fixed\runs\h1_s0\test_summary.json
2026-09-07 05:13:45 | INFO    | evaluate               | === evaluation finished ===
