2026-09-07 15:35:44 | INFO    | evaluate               | === MHTRA-Net evaluation ===
2026-09-07 15:35:44 | INFO    | evaluate               | arguments:
2026-09-07 15:35:44 | INFO    | evaluate               |     ckpt             = D:\mhtra_net\mhtra_fixed\runs\h1_s1\best.pt
2026-09-07 15:35:44 | INFO    | evaluate               |     compare          = ['runs\\base_s1\\test_metrics.csv', 'runs\\official\\test_metrics.csv']
2026-09-07 15:35:44 | INFO    | evaluate               |     csv              = None
2026-09-07 15:35:44 | INFO    | evaluate               |     data             = D:\mhtra_net\data\voicebank-demand-16k
2026-09-07 15:35:44 | INFO    | evaluate               |     log_every        = 200
2026-09-07 15:35:44 | INFO    | evaluate               |     log_file         = None
2026-09-07 15:35:44 | INFO    | evaluate               |     log_level        = INFO
2026-09-07 15:35:44 | INFO    | evaluate               |     macs_seconds     = 10.0
2026-09-07 15:35:44 | INFO    | evaluate               |     official         = False
2026-09-07 15:35:44 | INFO    | evaluate               |     pesq_workers     = 8
2026-09-07 15:35:44 | INFO    | evaluate               |     save_wavs        = None
2026-09-07 15:35:44 | INFO    | evaluate               |     weights          = model
2026-09-07 15:35:44 | INFO    | evaluate               | python      3.12.10
2026-09-07 15:35:44 | INFO    | evaluate               | executable  D:\mhtra_net\mhtra_net\.venv\Scripts\python.exe
2026-09-07 15:35:44 | INFO    | evaluate               | cwd         D:\mhtra_net\mhtra_fixed
2026-09-07 15:35:44 | INFO    | evaluate               | numpy       2.5.2
2026-09-07 15:35:44 | INFO    | evaluate               | torch       2.11.0+cu128 (cuda build: 12.8)
2026-09-07 15:35:44 | INFO    | evaluate               | gpu         NVIDIA GeForce RTX 5060 Laptop GPU | 8.5 GB | 26 SMs
2026-09-07 15:35:44 | INFO    | evaluate               | device      cuda
2026-09-07 15:35:44 | INFO    | evaluate               | loading checkpoint D:\mhtra_net\mhtra_fixed\runs\h1_s1\best.pt ...
2026-09-07 15:35:45 | INFO    | evaluate               | checkpoint from epoch 168 | stored weights: raw | val PESQ 2.366 | val SI-SDR 13.91 dB
2026-09-07 15:35:45 | INFO    | mhtra_net.model        | MHTRANet built: 25,859 params | 257 freq bins -> 129 ERB bands -> 33 DPGRNN width
2026-09-07 15:35:45 | INFO    | mhtra_net.model        |   MHTRA=True (heads=1, head_dim=8, window=full causal)  SE=True  learnable_ERB=False  channels=16
2026-09-07 15:35:45 | INFO    | evaluate               | loading checkpoint D:\mhtra_net\mhtra_fixed\runs\h1_s1\best.pt done in 0.2s
2026-09-07 15:35:45 | INFO    | mhtra_net.stft         | STFT: n_fft=512 hop=256 win=512 (257 freq bins, 16.0 ms hop) on cuda
2026-09-07 15:35:45 | INFO    | evaluate               | loading test set ...
2026-09-07 15:35:45 | INFO    | mhtra_net.dataset      | [test] scanning D:\mhtra_net\data\voicebank-demand-16k\clean_testset_wav
2026-09-07 15:35:45 | INFO    | mhtra_net.dataset      | [test] ready: 824 pairs | full-length utterances | random_gain=False | 16000 Hz
2026-09-07 15:35:45 | INFO    | evaluate               | loading test set done in 0.0s
2026-09-07 15:35:45 | INFO    | evaluate               | loaded D:\mhtra_net\mhtra_fixed\runs\h1_s1\best.pt: 25,859 params | cfg=MHTRANetConfig(n_fft=512, fs=16000, erb_subband_1=65, erb_subband_2=64, channels=16, num_heads=1, attn_window=None, use_mhtra=True, use_se=True, se_reduction=2, learnable_erb=False, zero_init_out=False)
2026-09-07 15:35:45 | WARNING | py.warnings            | D:\mhtra_net\mhtra_net\.venv\Lib\site-packages\thop\vision\calc_func.py:53: UserWarning: This API is being deprecated
  warnings.warn("This API is being deprecated")

2026-09-07 15:35:45 | INFO    | evaluate               | ~33.90 MMACs per second of audio at 10 s input (30.13 counted by thop + 3.76 attention matmuls) - report the input length with this number
2026-09-07 15:35:51 | INFO    | evaluate               | 200/824 files (24%) | 33.9 files/s | running SI-SDR 18.68 dB | ETA 18.4s
2026-09-07 15:35:56 | INFO    | evaluate               | 400/824 files (49%) | 35.7 files/s | running SI-SDR 19.17 dB | ETA 11.9s
2026-09-07 15:36:02 | INFO    | evaluate               | 600/824 files (73%) | 36.0 files/s | running SI-SDR 18.66 dB | ETA 6.2s
2026-09-07 15:36:07 | INFO    | evaluate               | 800/824 files (97%) | 36.6 files/s | running SI-SDR 18.53 dB | ETA 0.7s
2026-09-07 15:36:14 | INFO    | evaluate               | PESQ scored in 6.2s with 8 workers
2026-09-07 15:36:14 | INFO    | evaluate               | processed 824 files (34m 32s of audio) in 28.6s (72.3x real time, model+STOI 22.5s)
2026-09-07 15:36:14 | INFO    | evaluate               |                 PESQ    STOI   SI-SDR
2026-09-07 15:36:14 | INFO    | evaluate               | noisy         1.968   0.921     8.45
2026-09-07 15:36:14 | INFO    | evaluate               | enhanced      2.823   0.938    18.51
2026-09-07 15:36:14 | INFO    | evaluate               | delta        +0.855  +0.017   +10.06
2026-09-07 15:36:14 | INFO    | evaluate               | enhanced PESQ 95% bootstrap CI: [2.774, 2.871]
2026-09-07 15:36:14 | INFO    | evaluate               | by input SNR:   n    PESQ noisy->enh    STOI noisy->enh    SI-SDR noisy->enh
2026-09-07 15:36:14 | INFO    | evaluate               |    2.5 dB    218    1.454 -> 2.272      0.869 -> 0.901       1.15 -> 14.94
2026-09-07 15:36:14 | INFO    | evaluate               |    7.5 dB    209    1.738 -> 2.669      0.917 -> 0.936       6.36 -> 17.84
2026-09-07 15:36:14 | INFO    | evaluate               |   12.5 dB    206    2.150 -> 3.013      0.943 -> 0.952      11.23 -> 20.04
2026-09-07 15:36:14 | INFO    | evaluate               |   17.5 dB    191    2.609 -> 3.414      0.962 -> 0.967      16.07 -> 21.66
2026-09-07 15:36:14 | INFO    | evaluate               | diagnostics: residual in pauses +0.56 dB above clean (noisy input: +24.09 dB) | speech-frame LSD 10.65 dB
2026-09-07 15:36:14 | INFO    | evaluate               | === paired comparison vs base_s1 (824 files) ===
2026-09-07 15:36:14 | INFO    | evaluate               |   (wins = files where THIS run is better; lower is better for pause_resid_db / speech_lsd_db)
2026-09-07 15:36:14 | INFO    | evaluate               |   pesq_enh       this 2.823  ref 2.801  diff +0.021  CI95 [+0.007, +0.035]  wins 468/824  -> better
2026-09-07 15:36:14 | INFO    | evaluate               |   stoi_enh       this 0.938  ref 0.935  diff +0.003  CI95 [+0.002, +0.004]  wins 434/824  -> better
2026-09-07 15:36:14 | INFO    | evaluate               |   sisdr_enh      this 18.510  ref 18.373  diff +0.137  CI95 [+0.071, +0.213]  wins 477/824  -> better
2026-09-07 15:36:14 | INFO    | evaluate               |   pause_resid_db this 0.563  ref 0.893  diff -0.331  CI95 [-0.545, -0.100]  wins 250/441  -> better
2026-09-07 15:36:14 | INFO    | evaluate               |   speech_lsd_db  this 10.645  ref 10.750  diff -0.105  CI95 [-0.161, -0.049]  wins 464/824  -> better
2026-09-07 15:36:14 | INFO    | evaluate               |   PESQ difference by input SNR:
2026-09-07 15:36:14 | INFO    | evaluate               |      2.5 dB  n=218  this 2.272  ref 2.273  diff -0.001
2026-09-07 15:36:14 | INFO    | evaluate               |      7.5 dB  n=209  this 2.669  ref 2.657  diff +0.012
2026-09-07 15:36:14 | INFO    | evaluate               |     12.5 dB  n=206  this 3.013  ref 2.969  diff +0.045
2026-09-07 15:36:14 | INFO    | evaluate               |     17.5 dB  n=191  this 3.414  ref 3.382  diff +0.032
2026-09-07 15:36:14 | INFO    | evaluate               | === paired comparison vs official (824 files) ===
2026-09-07 15:36:14 | INFO    | evaluate               |   (wins = files where THIS run is better; lower is better for pause_resid_db / speech_lsd_db)
2026-09-07 15:36:14 | INFO    | evaluate               |   pesq_enh       this 2.823  ref 2.856  diff -0.033  CI95 [-0.050, -0.016]  wins 376/824  -> worse
2026-09-07 15:36:14 | INFO    | evaluate               |   stoi_enh       this 0.938  ref 0.941  diff -0.003  CI95 [-0.004, -0.001]  wins 341/824  -> worse
2026-09-07 15:36:14 | INFO    | evaluate               |   sisdr_enh      this 18.510  ref 18.796  diff -0.287  CI95 [-0.399, -0.191]  wins 274/824  -> worse
2026-09-07 15:36:14 | INFO    | evaluate               |   pause_resid_db this 0.563  ref 0.916  diff -0.353  CI95 [-0.623, -0.083]  wins 247/441  -> better
2026-09-07 15:36:14 | INFO    | evaluate               |   speech_lsd_db  this 10.645  ref 10.364  diff +0.281  CI95 [+0.199, +0.371]  wins 340/824  -> worse
2026-09-07 15:36:14 | INFO    | evaluate               |   PESQ difference by input SNR:
2026-09-07 15:36:14 | INFO    | evaluate               |      2.5 dB  n=218  this 2.272  ref 2.309  diff -0.037
2026-09-07 15:36:14 | INFO    | evaluate               |      7.5 dB  n=209  this 2.669  ref 2.698  diff -0.029
2026-09-07 15:36:14 | INFO    | evaluate               |     12.5 dB  n=206  this 3.013  ref 3.048  diff -0.035
2026-09-07 15:36:14 | INFO    | evaluate               |     17.5 dB  n=191  this 3.414  ref 3.445  diff -0.031
2026-09-07 15:36:14 | INFO    | evaluate               | per-file metrics -> D:\mhtra_net\mhtra_fixed\runs\h1_s1\test_metrics.csv | summary -> D:\mhtra_net\mhtra_fixed\runs\h1_s1\test_summary.json
2026-09-07 15:36:14 | INFO    | evaluate               | === evaluation finished ===
