2026-09-07 15:34:37 | INFO    | evaluate               | === MHTRA-Net evaluation ===
2026-09-07 15:34:37 | INFO    | evaluate               | arguments:
2026-09-07 15:34:37 | INFO    | evaluate               |     ckpt             = D:\mhtra_net\mhtra_fixed\runs\base_s1\best.pt
2026-09-07 15:34:37 | INFO    | evaluate               |     compare          = ['runs\\official\\test_metrics.csv']
2026-09-07 15:34:37 | INFO    | evaluate               |     csv              = None
2026-09-07 15:34:37 | INFO    | evaluate               |     data             = D:\mhtra_net\data\voicebank-demand-16k
2026-09-07 15:34:37 | INFO    | evaluate               |     log_every        = 200
2026-09-07 15:34:37 | INFO    | evaluate               |     log_file         = None
2026-09-07 15:34:37 | INFO    | evaluate               |     log_level        = INFO
2026-09-07 15:34:37 | INFO    | evaluate               |     macs_seconds     = 10.0
2026-09-07 15:34:37 | INFO    | evaluate               |     official         = False
2026-09-07 15:34:37 | INFO    | evaluate               |     pesq_workers     = 8
2026-09-07 15:34:37 | INFO    | evaluate               |     save_wavs        = None
2026-09-07 15:34:37 | INFO    | evaluate               |     weights          = model
2026-09-07 15:34:37 | INFO    | evaluate               | python      3.12.10
2026-09-07 15:34:37 | INFO    | evaluate               | executable  D:\mhtra_net\mhtra_net\.venv\Scripts\python.exe
2026-09-07 15:34:37 | INFO    | evaluate               | cwd         D:\mhtra_net\mhtra_fixed
2026-09-07 15:34:37 | INFO    | evaluate               | numpy       2.5.2
2026-09-07 15:34:37 | INFO    | evaluate               | torch       2.11.0+cu128 (cuda build: 12.8)
2026-09-07 15:34:37 | INFO    | evaluate               | gpu         NVIDIA GeForce RTX 5060 Laptop GPU | 8.5 GB | 26 SMs
2026-09-07 15:34:37 | INFO    | evaluate               | device      cuda
2026-09-07 15:34:37 | INFO    | evaluate               | loading checkpoint D:\mhtra_net\mhtra_fixed\runs\base_s1\best.pt ...
2026-09-07 15:34:38 | INFO    | evaluate               | checkpoint from epoch 142 | stored weights: raw | val PESQ 2.349 | val SI-SDR 13.63 dB
2026-09-07 15:34:38 | INFO    | mhtra_net.model        | MHTRANet built: 23,669 params | 257 freq bins -> 129 ERB bands -> 33 DPGRNN width
2026-09-07 15:34:38 | INFO    | mhtra_net.model        |   MHTRA=False (heads=4, head_dim=0, window=full causal)  SE=False  learnable_ERB=False  channels=16
2026-09-07 15:34:38 | INFO    | evaluate               | loading checkpoint D:\mhtra_net\mhtra_fixed\runs\base_s1\best.pt done in 0.7s
2026-09-07 15:34:38 | INFO    | mhtra_net.stft         | STFT: n_fft=512 hop=256 win=512 (257 freq bins, 16.0 ms hop) on cuda
2026-09-07 15:34:38 | INFO    | evaluate               | loading test set ...
2026-09-07 15:34:38 | INFO    | mhtra_net.dataset      | [test] scanning D:\mhtra_net\data\voicebank-demand-16k\clean_testset_wav
2026-09-07 15:34:38 | INFO    | mhtra_net.dataset      | [test] ready: 824 pairs | full-length utterances | random_gain=False | 16000 Hz
2026-09-07 15:34:38 | INFO    | evaluate               | loading test set done in 0.0s
2026-09-07 15:34:38 | INFO    | evaluate               | loaded D:\mhtra_net\mhtra_fixed\runs\base_s1\best.pt: 23,669 params | cfg=MHTRANetConfig(n_fft=512, fs=16000, erb_subband_1=65, erb_subband_2=64, channels=16, num_heads=4, attn_window=None, use_mhtra=False, use_se=False, se_reduction=2, learnable_erb=False, zero_init_out=False)
2026-09-07 15:34:38 | WARNING | py.warnings            | D:\mhtra_net\mhtra_net\.venv\Lib\site-packages\thop\vision\calc_func.py:53: UserWarning: This API is being deprecated
  warnings.warn("This API is being deprecated")

2026-09-07 15:34:39 | INFO    | evaluate               | ~30.01 MMACs per second of audio at 10 s input (30.01 counted by thop + 0.00 attention matmuls) - report the input length with this number
2026-09-07 15:34:48 | INFO    | evaluate               | 200/824 files (24%) | 21.9 files/s | running SI-SDR 18.50 dB | ETA 28.4s
2026-09-07 15:34:53 | INFO    | evaluate               | 400/824 files (49%) | 27.4 files/s | running SI-SDR 18.98 dB | ETA 15.5s
2026-09-07 15:34:59 | INFO    | evaluate               | 600/824 files (73%) | 29.3 files/s | running SI-SDR 18.47 dB | ETA 7.7s
2026-09-07 15:35:05 | INFO    | evaluate               | 800/824 files (97%) | 30.7 files/s | running SI-SDR 18.39 dB | ETA 0.8s
2026-09-07 15:35:12 | INFO    | evaluate               | PESQ scored in 7.0s with 8 workers
2026-09-07 15:35:12 | INFO    | evaluate               | processed 824 files (34m 32s of audio) in 33.9s (61.2x real time, model+STOI 26.8s)
2026-09-07 15:35:12 | INFO    | evaluate               |                 PESQ    STOI   SI-SDR
2026-09-07 15:35:12 | INFO    | evaluate               | noisy         1.968   0.921     8.45
2026-09-07 15:35:12 | INFO    | evaluate               | enhanced      2.801   0.935    18.37
2026-09-07 15:35:12 | INFO    | evaluate               | delta        +0.834  +0.014    +9.92
2026-09-07 15:35:12 | INFO    | evaluate               | enhanced PESQ 95% bootstrap CI: [2.753, 2.850]
2026-09-07 15:35:12 | INFO    | evaluate               | by input SNR:   n    PESQ noisy->enh    STOI noisy->enh    SI-SDR noisy->enh
2026-09-07 15:35:12 | INFO    | evaluate               |    2.5 dB    218    1.454 -> 2.273      0.869 -> 0.899       1.15 -> 14.85
2026-09-07 15:35:12 | INFO    | evaluate               |    7.5 dB    209    1.738 -> 2.657      0.917 -> 0.932       6.36 -> 17.74
2026-09-07 15:35:12 | INFO    | evaluate               |   12.5 dB    206    2.150 -> 2.969      0.943 -> 0.950      11.23 -> 19.81
2026-09-07 15:35:12 | INFO    | evaluate               |   17.5 dB    191    2.609 -> 3.382      0.962 -> 0.965      16.07 -> 21.54
2026-09-07 15:35:12 | INFO    | evaluate               | diagnostics: residual in pauses +0.89 dB above clean (noisy input: +24.09 dB) | speech-frame LSD 10.75 dB
2026-09-07 15:35:12 | INFO    | evaluate               | === paired comparison vs official (824 files) ===
2026-09-07 15:35:12 | INFO    | evaluate               |   (wins = files where THIS run is better; lower is better for pause_resid_db / speech_lsd_db)
2026-09-07 15:35:12 | INFO    | evaluate               |   pesq_enh       this 2.801  ref 2.856  diff -0.054  CI95 [-0.073, -0.037]  wins 352/824  -> worse
2026-09-07 15:35:13 | INFO    | evaluate               |   stoi_enh       this 0.935  ref 0.941  diff -0.005  CI95 [-0.007, -0.004]  wins 344/824  -> worse
2026-09-07 15:35:13 | INFO    | evaluate               |   sisdr_enh      this 18.373  ref 18.796  diff -0.424  CI95 [-0.559, -0.300]  wins 223/824  -> worse
2026-09-07 15:35:13 | INFO    | evaluate               |   pause_resid_db this 0.893  ref 0.916  diff -0.023  CI95 [-0.307, +0.246]  wins 229/441  -> not significant
2026-09-07 15:35:13 | INFO    | evaluate               |   speech_lsd_db  this 10.750  ref 10.364  diff +0.386  CI95 [+0.301, +0.473]  wins 319/824  -> worse
2026-09-07 15:35:13 | INFO    | evaluate               |   PESQ difference by input SNR:
2026-09-07 15:35:13 | INFO    | evaluate               |      2.5 dB  n=218  this 2.273  ref 2.309  diff -0.037
2026-09-07 15:35:13 | INFO    | evaluate               |      7.5 dB  n=209  this 2.657  ref 2.698  diff -0.041
2026-09-07 15:35:13 | INFO    | evaluate               |     12.5 dB  n=206  this 2.969  ref 3.048  diff -0.079
2026-09-07 15:35:13 | INFO    | evaluate               |     17.5 dB  n=191  this 3.382  ref 3.445  diff -0.063
2026-09-07 15:35:13 | INFO    | evaluate               | per-file metrics -> D:\mhtra_net\mhtra_fixed\runs\base_s1\test_metrics.csv | summary -> D:\mhtra_net\mhtra_fixed\runs\base_s1\test_summary.json
2026-09-07 15:35:13 | INFO    | evaluate               | === evaluation finished ===
